// Jest Snapshot v1, https://goo.gl/fbAQLP

exports[`AnchorButton renders correctly 1`] = `
<a
  class=""
  role="button"
  tabindex="0"
  type="button"
/>
`;

exports[`Button renders correctly 1`] = `
.c0 {
  display: inline-block;
  -webkit-flex: 0 0 auto;
  -ms-flex: 0 0 auto;
  flex: 0 0 auto;
  vertical-align: text-bottom;
}

.c0:not(:empty)::before {
  content: "" !important;
  content: unset !important;
}

.c1 {
  display: block;
}

.c1:not([fill]) {
  fill: currentColor;
}

<button
  class=""
  type="button"
>
  <span
    class="c0"
  >
    <svg
      class="c1"
      data-icon="add"
      height="16"
      viewBox="0 0 16 16"
      width="16"
    >
      <desc
        class=""
      >
        add
      </desc>
      <path
        d="M10.99 6.99h-2v-2c0-.55-.45-1-1-1s-1 .45-1 1v2h-2c-.55 0-1 .45-1 1s.45 1 1 1h2v2c0 .55.45 1 1 1s1-.45 1-1v-2h2c.55 0 1-.45 1-1s-.45-1-1-1zm-3-7c-4.42 0-8 3.58-8 8s3.58 8 8 8 8-3.58 8-8-3.58-8-8-8zm0 14c-3.31 0-6-2.69-6-6s2.69-6 6-6 6 2.69 6 6-2.68 6-6 6z"
        fill-rule="evenodd"
      />
    </svg>
  </span>
  <span
    class=""
  >
    button
  </span>
</button>
`;
