// Jest Snapshot v1, https://goo.gl/fbAQLP

exports[`Portal renders correctly 1`] = `
.c0 {
  position: absolute;
  top: 0;
  right: 0;
  bottom: 0;
  left: 0;
}

<div
  class="c0"
/>
`;
