// Jest Snapshot v1, https://goo.gl/fbAQLP

exports[`Spinner renders correctly 1`] = `
.c0 {
  -webkit-align-items: center;
  -webkit-box-align: center;
  -ms-flex-align: center;
  align-items: center;
  display: -webkit-box;
  display: -webkit-flex;
  display: -ms-flexbox;
  display: flex;
  -webkit-box-pack: center;
  -webkit-justify-content: center;
  -ms-flex-pack: center;
  justify-content: center;
  overflow: visible;
  vertical-align: middle;
}

.c1 {
  display: block;
  fill: rgba(16,22,26,0);
  -webkit-animation: cpltiX 500ms linear infinite;
  animation: cpltiX 500ms linear infinite;
}

.c2 {
  fill-opacity: 0;
  stroke-linecap: round;
  -webkit-transform-origin: center;
  -ms-transform-origin: center;
  transform-origin: center;
  -webkit-transition: stroke-dashoffset 200ms cubic-bezier(0.4,1,0.75,0.9);
  transition: stroke-dashoffset 200ms cubic-bezier(0.4,1,0.75,0.9);
}

.c3 {
  fill-opacity: 0;
}

<div
  class="c0"
>
  <svg
    class="c1"
    height="50"
    stroke-width="8.00"
    viewBox="1.00 1.00 98.00 98.00"
    width="50"
  >
    <path
      class="c2"
      d="M 50,50 m 0,-45 a 45,45 0 1 1 0,90 a 45,45 0 1 1 0,-90"
      pathLength="280"
      stroke-dasharray="280 280"
      stroke-dashoffset="210"
    />
    <path
      class="c3"
      d="M 50,50 m 0,-45 a 45,45 0 1 1 0,90 a 45,45 0 1 1 0,-90"
    />
  </svg>
</div>
`;
