// Jest Snapshot v1, https://goo.gl/fbAQLP

exports[`AbstractComponent renders correctly 1`] = `
<body>
  <div>
    <div />
  </div>
</body>
`;
