// Jest Snapshot v1, https://goo.gl/fbAQLP

exports[`Divider renders correctly 1`] = `
.c0 {
  margin: 4px;
  opacity: 0.75;
  border-bottom-width: 1px;
  border-bottom-style: solid;
  border-right-width: 1px;
  border-right-style: solid;
}

<div
  class="c0"
/>
`;
