// Jest Snapshot v1, https://goo.gl/fbAQLP

exports[`Nine renders correctly 1`] = `null`;
